?? artifacts/SupplyChainPaper_20260922_133943/evidence/historical_candidates.json
?? artifacts/SupplyChainPaper_20260922_133943/evidence/platform_pim_hashes.json
?? artifacts/SupplyChainPaper_20260922_133943/evidence/protected_hashes_after.json
?? artifacts/SupplyChainPaper_20260922_133943/evidence/protected_hashes_before.json
?? artifacts/SupplyChainPaper_20260922_133943/evidence/provenance.json
?? artifacts/SupplyChainPaper_20260922_133943/evidence/status.json
?? artifacts/SupplyChainPaper_20260922_133943/existing_artifacts/Experiment/NoiseExperiment/done/supplypaper/basic_path/path1.json
?? artifacts/SupplyChainPaper_20260922_133943/existing_artifacts/Experiment/NoiseExperiment/done/supplypaper/basic_path/path2.json
?? artifacts/SupplyChainPaper_20260922_133943/existing_artifacts/Experiment/NoiseExperiment/done/supplypaper/basic_path/path3.json
?? artifacts/SupplyChainPaper_20260922_133943/existing_artifacts/Experiment/NoiseExperiment/done/supplypaper/basic_path/path4.json
?? artifacts/SupplyChainPaper_20260922_133943/existing_artifacts/Experiment/NoiseExperiment/done/supplypaper/result/path1.json
?? artifacts/SupplyChainPaper_20260922_133943/existing_artifacts/Experiment/NoiseExperiment/done/supplypaper/result/path2.json
?? artifacts/SupplyChainPaper_20260922_133943/existing_artifacts/Experiment/NoiseExperiment/done/supplypaper/result/path3.json
?? artifacts/SupplyChainPaper_20260922_133943/existing_artifacts/Experiment/NoiseExperiment/done/supplypaper/result/path4.json
?? artifacts/SupplyChainPaper_20260922_133943/existing_artifacts/Experiment/NoiseExperiment/path_raw/paperSupplyChainPaper-path.json
?? artifacts/SupplyChainPaper_20260922_133943/existing_artifacts/Experiment/new/exp1_1B/Addition/cases/SupplyChainPaper/path_traceability_report.json
?? artifacts/SupplyChainPaper_20260922_133943/existing_artifacts/Experiment/new/exp1_1B/cases/SupplyChainPaper/bpmn/bpmn_elements.json
?? artifacts/SupplyChainPaper_20260922_133943/existing_artifacts/Experiment/new/exp1_1B/cases/SupplyChainPaper/bpmn/bpmn_relations.json
?? artifacts/SupplyChainPaper_20260922_133943/existing_artifacts/Experiment/new/exp1_1B/cases/SupplyChainPaper/bpmn/bpmn_tag.json
?? artifacts/SupplyChainPaper_20260922_133943/existing_artifacts/Experiment/new/exp1_1B/cases/SupplyChainPaper/dsl/SupplyChainPaper.b2c
?? artifacts/SupplyChainPaper_20260922_133943/existing_artifacts/Experiment/new/exp1_1B/cases/SupplyChainPaper/dsl/dsl_elements.json
?? artifacts/SupplyChainPaper_20260922_133943/existing_artifacts/Experiment/new/exp1_1B/cases/SupplyChainPaper/dsl/dsl_relations.json
?? artifacts/SupplyChainPaper_20260922_133943/existing_artifacts/Experiment/new/exp1_1B/cases/SupplyChainPaper/dsl/dsl_tag.json
?? artifacts/SupplyChainPaper_20260922_133943/existing_artifacts/Experiment/new/exp1_1B/cases/SupplyChainPaper/trace/bpmn_dsl_trace.json
?? artifacts/SupplyChainPaper_20260922_133943/existing_artifacts/Experiment/new/exp1_1C/cases/SupplyChainPaper/canonical/bpmn.semantic_graph.canonical.json
?? artifacts/SupplyChainPaper_20260922_133943/existing_artifacts/Experiment/new/exp1_1C/cases/SupplyChainPaper/canonical/dsl.semantic_graph.canonical.json
?? artifacts/SupplyChainPaper_20260922_133943/existing_artifacts/Experiment/new/exp1_1C/cases/SupplyChainPaper/logical_paths/SupplyChainPaper_dsl_path_001/logical_path.json
?? artifacts/SupplyChainPaper_20260922_133943/existing_artifacts/Experiment/new/exp1_1C/cases/SupplyChainPaper/logical_paths/SupplyChainPaper_dsl_path_002/logical_path.json
?? artifacts/SupplyChainPaper_20260922_133943/existing_artifacts/Experiment/new/exp1_1C/cases/SupplyChainPaper/logical_paths/SupplyChainPaper_dsl_path_003/logical_path.json
?? artifacts/SupplyChainPaper_20260922_133943/existing_artifacts/Experiment/new/exp1_1C/cases/SupplyChainPaper/logical_paths/SupplyChainPaper_dsl_path_004/logical_path.json
?? artifacts/SupplyChainPaper_20260922_133943/existing_artifacts/Experiment/new/exp1_1C/cases/SupplyChainPaper/logical_paths/SupplyChainPaper_dsl_path_005/logical_path.json
?? artifacts/SupplyChainPaper_20260922_133943/existing_artifacts/Experiment/new/exp1_1C/cases/SupplyChainPaper/logical_paths/SupplyChainPaper_dsl_path_006/logical_path.json
?? artifacts/SupplyChainPaper_20260922_133943/existing_artifacts/Experiment/new/exp1_1C/cases/SupplyChainPaper/logical_paths/SupplyChainPaper_dsl_path_007/logical_path.json
?? artifacts/SupplyChainPaper_20260922_133943/existing_artifacts/Experiment/new/exp1_1C/cases/SupplyChainPaper/logical_paths/SupplyChainPaper_dsl_path_008/logical_path.json
?? artifacts/SupplyChainPaper_20260922_133943/existing_artifacts/Experiment/new/exp1_1C/cases/SupplyChainPaper/normalized/bpmn.normalized_paths.json
?? artifacts/SupplyChainPaper_20260922_133943/existing_artifacts/Experiment/new/exp1_1C/cases/SupplyChainPaper/normalized/dsl.normalized_paths.json
?? artifacts/SupplyChainPaper_20260922_133943/existing_artifacts/Experiment/new/exp1_1C/cases/SupplyChainPaper/paths/bpmn.paths.json
?? artifacts/SupplyChainPaper_20260922_133943/existing_artifacts/Experiment/new/exp1_1C/cases/SupplyChainPaper/paths/dsl.paths.json
?? artifacts/SupplyChainPaper_20260922_133943/existing_artifacts/Experiment/new/exp1_1C/cases/SupplyChainPaper/raw/bpmn.raw_elements.json
?? artifacts/SupplyChainPaper_20260922_133943/existing_artifacts/Experiment/new/exp1_1C/cases/SupplyChainPaper/raw/bpmn.raw_relations.json
?? artifacts/SupplyChainPaper_20260922_133943/existing_artifacts/Experiment/new/exp1_1C/cases/SupplyChainPaper/raw/dsl.raw_elements.json
?? artifacts/SupplyChainPaper_20260922_133943/existing_artifacts/Experiment/new/exp1_1C/cases/SupplyChainPaper/raw/dsl.raw_relations.json
?? artifacts/SupplyChainPaper_20260922_133943/existing_artifacts/Experiment/new/exp1_1C/cases/SupplyChainPaper/semantic/bpmn.semantic_graph.json
?? artifacts/SupplyChainPaper_20260922_133943/existing_artifacts/Experiment/new/exp1_1C/cases/SupplyChainPaper/semantic/dsl.semantic_graph.json
?? artifacts/SupplyChainPaper_20260922_133943/existing_artifacts/Experiment/new/exp1_1C/cases/SupplyChainPaper/traces/bpmn/bpmn_path_001/bpmn.normalized.json
?? artifacts/SupplyChainPaper_20260922_133943/existing_artifacts/Experiment/new/exp1_1C/cases/SupplyChainPaper/traces/bpmn/bpmn_path_002/bpmn.normalized.json
?? artifacts/SupplyChainPaper_20260922_133943/existing_artifacts/Experiment/new/exp1_1C/cases/SupplyChainPaper/traces/bpmn/bpmn_path_003/bpmn.normalized.json
?? artifacts/SupplyChainPaper_20260922_133943/existing_artifacts/Experiment/new/exp1_1C/cases/SupplyChainPaper/traces/bpmn/bpmn_path_004/bpmn.normalized.json
?? artifacts/SupplyChainPaper_20260922_133943/existing_artifacts/Experiment/new/exp1_1C/cases/SupplyChainPaper/traces/bpmn/bpmn_path_005/bpmn.normalized.json
?? artifacts/SupplyChainPaper_20260922_133943/existing_artifacts/Experiment/new/exp1_1C/cases/SupplyChainPaper/traces/bpmn/bpmn_path_006/bpmn.normalized.json
?? artifacts/SupplyChainPaper_20260922_133943/existing_artifacts/Experiment/new/exp1_1C/cases/SupplyChainPaper/traces/bpmn/bpmn_path_007/bpmn.normalized.json
?? artifacts/SupplyChainPaper_20260922_133943/existing_artifacts/Experiment/new/exp1_1C/cases/SupplyChainPaper/traces/bpmn/bpmn_path_008/bpmn.normalized.json
?? artifacts/SupplyChainPaper_20260922_133943/existing_artifacts/Experiment/new/exp1_1C/cases/SupplyChainPaper/traces/dsl/dsl_path_001/dsl.normalized.json
?? artifacts/SupplyChainPaper_20260922_133943/existing_artifacts/Experiment/new/exp1_1C/cases/SupplyChainPaper/traces/dsl/dsl_path_002/dsl.normalized.json
?? artifacts/SupplyChainPaper_20260922_133943/existing_artifacts/Experiment/new/exp1_1C/cases/SupplyChainPaper/traces/dsl/dsl_path_003/dsl.normalized.json
?? artifacts/SupplyChainPaper_20260922_133943/existing_artifacts/Experiment/new/exp1_1C/cases/SupplyChainPaper/traces/dsl/dsl_path_004/dsl.normalized.json
?? artifacts/SupplyChainPaper_20260922_133943/existing_artifacts/Experiment/new/exp1_1C/cases/SupplyChainPaper/traces/dsl/dsl_path_005/dsl.normalized.json
?? artifacts/SupplyChainPaper_20260922_133943/existing_artifacts/Experiment/new/exp1_1C/cases/SupplyChainPaper/traces/dsl/dsl_path_006/dsl.normalized.json
?? artifacts/SupplyChainPaper_20260922_133943/existing_artifacts/Experiment/new/exp1_1C/cases/SupplyChainPaper/traces/dsl/dsl_path_007/dsl.normalized.json
?? artifacts/SupplyChainPaper_20260922_133943/existing_artifacts/Experiment/new/exp1_1C/cases/SupplyChainPaper/traces/dsl/dsl_path_008/dsl.normalized.json
?? artifacts/SupplyChainPaper_20260922_133943/existing_artifacts/Experiment/new/exp1_1C/cases/SupplyChainPaper/translator/dsl.b2c
?? artifacts/SupplyChainPaper_20260922_133943/existing_artifacts/Experiment/new/exp1_1C/cases/SupplyChainPaper/translator/supplyChainPaper.dmn
?? artifacts/SupplyChainPaper_20260922_133943/existing_artifacts/Experiment/new/exp2_semantic_verification/results/cases/SupplyChainPaper/chaincode.go
?? artifacts/SupplyChainPaper_20260922_133943/existing_artifacts/Experiment/new/exp2_semantic_verification/results/cases/SupplyChainPaper/contract.sol
?? artifacts/SupplyChainPaper_20260922_133943/existing_artifacts/Experiment/new/exp2_semantic_verification/results/cases/SupplyChainPaper/dsl.b2c
?? artifacts/SupplyChainPaper_20260922_133943/existing_artifacts/Experiment/new/exp2_semantic_verification/results/cases/SupplyChainPaper/dsl_ast.json
?? artifacts/SupplyChainPaper_20260922_133943/existing_artifacts/Experiment/new/exp2_semantic_verification/results/cases/SupplyChainPaper/go_ast.json
?? artifacts/SupplyChainPaper_20260922_133943/existing_artifacts/Experiment/new/exp2_semantic_verification/results/cases/SupplyChainPaper/go_semantic_report.json
?? artifacts/SupplyChainPaper_20260922_133943/existing_artifacts/Experiment/new/exp2_semantic_verification/results/cases/SupplyChainPaper/solc_ast_input.json
?? artifacts/SupplyChainPaper_20260922_133943/existing_artifacts/Experiment/new/exp2_semantic_verification/results/cases/SupplyChainPaper/solc_ast_raw.json
?? artifacts/SupplyChainPaper_20260922_133943/existing_artifacts/Experiment/new/exp2_semantic_verification/results/cases/SupplyChainPaper/solidity_ast.json
?? artifacts/SupplyChainPaper_20260922_133943/existing_artifacts/Experiment/new/exp2_semantic_verification/results/cases/SupplyChainPaper/solidity_semantic_report.json
?? "artifacts/SupplyChainPaper_20260922_133943/existing_artifacts/Experiment/new/exp3/426\345\255\246\344\271\240\346\226\207\346\241\243.md"
?? artifacts/SupplyChainPaper_20260922_133943/existing_artifacts/Experiment/new/exp3/cases/SupplyChainPaper/generated_paths.json
?? artifacts/SupplyChainPaper_20260922_133943/existing_artifacts/Experiment/new/exp3/cases/SupplyChainPaper/paths/SupplyChainPaper_auto_path_001/logical_path.json
?? artifacts/SupplyChainPaper_20260922_133943/existing_artifacts/Experiment/new/exp3/cases/SupplyChainPaper/paths/SupplyChainPaper_auto_path_002/logical_path.json
?? artifacts/SupplyChainPaper_20260922_133943/existing_artifacts/Experiment/new/exp3/cases/SupplyChainPaper/paths/SupplyChainPaper_auto_path_003/logical_path.json
?? artifacts/SupplyChainPaper_20260922_133943/existing_artifacts/Experiment/new/exp3/cases/SupplyChainPaper/paths/SupplyChainPaper_auto_path_004/logical_path.json
?? artifacts/SupplyChainPaper_20260922_133943/existing_artifacts/Experiment/new/exp3/cases/SupplyChainPaper/paths/SupplyChainPaper_auto_path_005/logical_path.json
?? artifacts/SupplyChainPaper_20260922_133943/existing_artifacts/Experiment/new/exp3/cases/SupplyChainPaper/paths/SupplyChainPaper_auto_path_006/logical_path.json
?? artifacts/SupplyChainPaper_20260922_133943/existing_artifacts/Experiment/new/exp3/cases/SupplyChainPaper/paths/SupplyChainPaper_auto_path_007/logical_path.json
?? artifacts/SupplyChainPaper_20260922_133943/existing_artifacts/Experiment/new/exp3/cases/SupplyChainPaper/paths/SupplyChainPaper_auto_path_008/logical_path.json
?? artifacts/SupplyChainPaper_20260922_133943/existing_artifacts/Experiment/new/exp3/dsl/SupplyChainPaper/paths/SupplyChainPaper_auto_path_001/case.json
?? artifacts/SupplyChainPaper_20260922_133943/existing_artifacts/Experiment/new/exp3/dsl/SupplyChainPaper/paths/SupplyChainPaper_auto_path_001/dsl_model.json
?? artifacts/SupplyChainPaper_20260922_133943/existing_artifacts/Experiment/new/exp3/dsl/SupplyChainPaper/paths/SupplyChainPaper_auto_path_001/dsl_trace.json
?? artifacts/SupplyChainPaper_20260922_133943/existing_artifacts/Experiment/new/exp3/dsl/SupplyChainPaper/paths/SupplyChainPaper_auto_path_001/path.json
?? artifacts/SupplyChainPaper_20260922_133943/existing_artifacts/Experiment/new/exp3/dsl/SupplyChainPaper/paths/SupplyChainPaper_auto_path_002/case.json
?? artifacts/SupplyChainPaper_20260922_133943/existing_artifacts/Experiment/new/exp3/dsl/SupplyChainPaper/paths/SupplyChainPaper_auto_path_002/dsl_model.json
?? artifacts/SupplyChainPaper_20260922_133943/existing_artifacts/Experiment/new/exp3/dsl/SupplyChainPaper/paths/SupplyChainPaper_auto_path_002/dsl_trace.json
?? artifacts/SupplyChainPaper_20260922_133943/existing_artifacts/Experiment/new/exp3/dsl/SupplyChainPaper/paths/SupplyChainPaper_auto_path_002/path.json
?? artifacts/SupplyChainPaper_20260922_133943/existing_artifacts/Experiment/new/exp3/dsl/SupplyChainPaper/paths/SupplyChainPaper_auto_path_003/case.json
?? artifacts/SupplyChainPaper_20260922_133943/existing_artifacts/Experiment/new/exp3/dsl/SupplyChainPaper/paths/SupplyChainPaper_auto_path_003/dsl_model.json
?? artifacts/SupplyChainPaper_20260922_133943/existing_artifacts/Experiment/new/exp3/dsl/SupplyChainPaper/paths/SupplyChainPaper_auto_path_003/dsl_trace.json
?? artifacts/SupplyChainPaper_20260922_133943/existing_artifacts/Experiment/new/exp3/dsl/SupplyChainPaper/paths/SupplyChainPaper_auto_path_003/path.json
?? artifacts/SupplyChainPaper_20260922_133943/existing_artifacts/Experiment/new/exp3/dsl/SupplyChainPaper/paths/SupplyChainPaper_auto_path_004/case.json
?? artifacts/SupplyChainPaper_20260922_133943/existing_artifacts/Experiment/new/exp3/dsl/SupplyChainPaper/paths/SupplyChainPaper_auto_path_004/dsl_model.json
?? artifacts/SupplyChainPaper_20260922_133943/existing_artifacts/Experiment/new/exp3/dsl/SupplyChainPaper/paths/SupplyChainPaper_auto_path_004/dsl_trace.json
?? artifacts/SupplyChainPaper_20260922_133943/existing_artifacts/Experiment/new/exp3/dsl/SupplyChainPaper/paths/SupplyChainPaper_auto_path_004/path.json
?? artifacts/SupplyChainPaper_20260922_133943/existing_artifacts/Experiment/new/exp3/dsl/SupplyChainPaper/paths/SupplyChainPaper_auto_path_005/case.json
?? artifacts/SupplyChainPaper_20260922_133943/existing_artifacts/Experiment/new/exp3/dsl/SupplyChainPaper/paths/SupplyChainPaper_auto_path_005/dsl_model.json
?? artifacts/SupplyChainPaper_20260922_133943/existing_artifacts/Experiment/new/exp3/dsl/SupplyChainPaper/paths/SupplyChainPaper_auto_path_005/dsl_trace.json
?? artifacts/SupplyChainPaper_20260922_133943/existing_artifacts/Experiment/new/exp3/dsl/SupplyChainPaper/paths/SupplyChainPaper_auto_path_005/path.json
?? artifacts/SupplyChainPaper_20260922_133943/existing_artifacts/Experiment/new/exp3/dsl/SupplyChainPaper/paths/SupplyChainPaper_auto_path_006/case.json
?? artifacts/SupplyChainPaper_20260922_133943/existing_artifacts/Experiment/new/exp3/dsl/SupplyChainPaper/paths/SupplyChainPaper_auto_path_006/dsl_model.json
?? artifacts/SupplyChainPaper_20260922_133943/existing_artifacts/Experiment/new/exp3/dsl/SupplyChainPaper/paths/SupplyChainPaper_auto_path_006/dsl_trace.json
?? artifacts/SupplyChainPaper_20260922_133943/existing_artifacts/Experiment/new/exp3/dsl/SupplyChainPaper/paths/SupplyChainPaper_auto_path_006/path.json
?? artifacts/SupplyChainPaper_20260922_133943/existing_artifacts/Experiment/new/exp3/dsl/SupplyChainPaper/paths/SupplyChainPaper_auto_path_007/case.json
?? artifacts/SupplyChainPaper_20260922_133943/existing_artifacts/Experiment/new/exp3/dsl/SupplyChainPaper/paths/SupplyChainPaper_auto_path_007/dsl_model.json
?? artifacts/SupplyChainPaper_20260922_133943/existing_artifacts/Experiment/new/exp3/dsl/SupplyChainPaper/paths/SupplyChainPaper_auto_path_007/dsl_trace.json
?? artifacts/SupplyChainPaper_20260922_133943/existing_artifacts/Experiment/new/exp3/dsl/SupplyChainPaper/paths/SupplyChainPaper_auto_path_007/path.json
?? artifacts/SupplyChainPaper_20260922_133943/existing_artifacts/Experiment/new/exp3/dsl/SupplyChainPaper/paths/SupplyChainPaper_auto_path_008/case.json
?? artifacts/SupplyChainPaper_20260922_133943/existing_artifacts/Experiment/new/exp3/dsl/SupplyChainPaper/paths/SupplyChainPaper_auto_path_008/dsl_model.json
?? artifacts/SupplyChainPaper_20260922_133943/existing_artifacts/Experiment/new/exp3/dsl/SupplyChainPaper/paths/SupplyChainPaper_auto_path_008/dsl_trace.json
?? artifacts/SupplyChainPaper_20260922_133943/existing_artifacts/Experiment/new/exp3/dsl/SupplyChainPaper/paths/SupplyChainPaper_auto_path_008/path.json
?? artifacts/SupplyChainPaper_20260922_133943/existing_artifacts/Experiment/new/exp3/fabric/2026-05-13-fabric-auto-replay-notes.md
?? artifacts/SupplyChainPaper_20260922_133943/existing_artifacts/Experiment/new/exp3/fabric/SupplyChainPaper/2026-05-13-fabric-auto-replay-notes.md
?? artifacts/SupplyChainPaper_20260922_133943/existing_artifacts/Experiment/new/exp3/fabric/SupplyChainPaper/fabric_replay_config.from_frontend_param.json
?? artifacts/SupplyChainPaper_20260922_133943/existing_artifacts/Experiment/new/exp3/fabric/SupplyChainPaper/paths/SupplyChainPaper_auto_path_001/replays/replay_20260514_151653.json
?? artifacts/SupplyChainPaper_20260922_133943/existing_artifacts/Experiment/new/exp3/fabric/SupplyChainPaper/paths/SupplyChainPaper_auto_path_001/replays/replay_20260514_151653.md
?? artifacts/SupplyChainPaper_20260922_133943/existing_artifacts/Experiment/new/exp3/fabric/SupplyChainPaper/paths/SupplyChainPaper_auto_path_002/replays/replay_20260514_151758.json
?? artifacts/SupplyChainPaper_20260922_133943/existing_artifacts/Experiment/new/exp3/fabric/SupplyChainPaper/paths/SupplyChainPaper_auto_path_002/replays/replay_20260514_151758.md
?? artifacts/SupplyChainPaper_20260922_133943/existing_artifacts/Experiment/new/exp3/fabric/SupplyChainPaper/paths/SupplyChainPaper_auto_path_003/replays/replay_20260514_151901.json
?? artifacts/SupplyChainPaper_20260922_133943/existing_artifacts/Experiment/new/exp3/fabric/SupplyChainPaper/paths/SupplyChainPaper_auto_path_003/replays/replay_20260514_151901.md
?? artifacts/SupplyChainPaper_20260922_133943/existing_artifacts/Experiment/new/exp3/fabric/SupplyChainPaper/paths/SupplyChainPaper_auto_path_004/replays/replay_20260514_152008.json
?? artifacts/SupplyChainPaper_20260922_133943/existing_artifacts/Experiment/new/exp3/fabric/SupplyChainPaper/paths/SupplyChainPaper_auto_path_004/replays/replay_20260514_152008.md
?? artifacts/SupplyChainPaper_20260922_133943/existing_artifacts/Experiment/new/exp3/fabric/SupplyChainPaper/paths/SupplyChainPaper_auto_path_005/replays/replay_20260514_152113.json
?? artifacts/SupplyChainPaper_20260922_133943/existing_artifacts/Experiment/new/exp3/fabric/SupplyChainPaper/paths/SupplyChainPaper_auto_path_005/replays/replay_20260514_152113.md
?? artifacts/SupplyChainPaper_20260922_133943/existing_artifacts/Experiment/new/exp3/fabric/SupplyChainPaper/paths/SupplyChainPaper_auto_path_006/replays/replay_20260514_152216.json
?? artifacts/SupplyChainPaper_20260922_133943/existing_artifacts/Experiment/new/exp3/fabric/SupplyChainPaper/paths/SupplyChainPaper_auto_path_006/replays/replay_20260514_152216.md
?? artifacts/SupplyChainPaper_20260922_133943/existing_artifacts/Experiment/new/exp3/fabric/SupplyChainPaper/paths/SupplyChainPaper_auto_path_007/replays/replay_20260514_152322.json
?? artifacts/SupplyChainPaper_20260922_133943/existing_artifacts/Experiment/new/exp3/fabric/SupplyChainPaper/paths/SupplyChainPaper_auto_path_007/replays/replay_20260514_152322.md
?? artifacts/SupplyChainPaper_20260922_133943/existing_artifacts/Experiment/new/exp3/fabric/SupplyChainPaper/paths/SupplyChainPaper_auto_path_008/replays/replay_20260514_152428.json
?? artifacts/SupplyChainPaper_20260922_133943/existing_artifacts/Experiment/new/exp3/fabric/SupplyChainPaper/paths/SupplyChainPaper_auto_path_008/replays/replay_20260514_152428.md
?? artifacts/SupplyChainPaper_20260922_133943/existing_artifacts/Experiment/new/exp3/fabric/amazon/2026-05-13-fabric-auto-replay-notes.md
?? artifacts/SupplyChainPaper_20260922_133943/existing_artifacts/Experiment/new/exp3/outputs/SupplyChainPaper/paths/SupplyChainPaper_auto_path_001/normalized/dsl.normalized.json
?? artifacts/SupplyChainPaper_20260922_133943/existing_artifacts/Experiment/new/exp3/outputs/SupplyChainPaper/paths/SupplyChainPaper_auto_path_001/normalized/fabric.normalized.json
?? artifacts/SupplyChainPaper_20260922_133943/existing_artifacts/Experiment/new/exp3/outputs/SupplyChainPaper/paths/SupplyChainPaper_auto_path_001/normalized/solidity.normalized.json
?? artifacts/SupplyChainPaper_20260922_133943/existing_artifacts/Experiment/new/exp3/outputs/SupplyChainPaper/paths/SupplyChainPaper_auto_path_002/normalized/dsl.normalized.json
?? artifacts/SupplyChainPaper_20260922_133943/existing_artifacts/Experiment/new/exp3/outputs/SupplyChainPaper/paths/SupplyChainPaper_auto_path_002/normalized/fabric.normalized.json
?? artifacts/SupplyChainPaper_20260922_133943/existing_artifacts/Experiment/new/exp3/outputs/SupplyChainPaper/paths/SupplyChainPaper_auto_path_002/normalized/solidity.normalized.json
?? artifacts/SupplyChainPaper_20260922_133943/existing_artifacts/Experiment/new/exp3/outputs/SupplyChainPaper/paths/SupplyChainPaper_auto_path_003/normalized/dsl.normalized.json
?? artifacts/SupplyChainPaper_20260922_133943/existing_artifacts/Experiment/new/exp3/outputs/SupplyChainPaper/paths/SupplyChainPaper_auto_path_003/normalized/fabric.normalized.json
?? artifacts/SupplyChainPaper_20260922_133943/existing_artifacts/Experiment/new/exp3/outputs/SupplyChainPaper/paths/SupplyChainPaper_auto_path_003/normalized/solidity.normalized.json
?? artifacts/SupplyChainPaper_20260922_133943/existing_artifacts/Experiment/new/exp3/outputs/SupplyChainPaper/paths/SupplyChainPaper_auto_path_004/normalized/dsl.normalized.json
?? artifacts/SupplyChainPaper_20260922_133943/existing_artifacts/Experiment/new/exp3/outputs/SupplyChainPaper/paths/SupplyChainPaper_auto_path_004/normalized/fabric.normalized.json
?? artifacts/SupplyChainPaper_20260922_133943/existing_artifacts/Experiment/new/exp3/outputs/SupplyChainPaper/paths/SupplyChainPaper_auto_path_004/normalized/solidity.normalized.json
?? artifacts/SupplyChainPaper_20260922_133943/existing_artifacts/Experiment/new/exp3/outputs/SupplyChainPaper/paths/SupplyChainPaper_auto_path_005/normalized/dsl.normalized.json
?? artifacts/SupplyChainPaper_20260922_133943/existing_artifacts/Experiment/new/exp3/outputs/SupplyChainPaper/paths/SupplyChainPaper_auto_path_005/normalized/fabric.normalized.json
?? artifacts/SupplyChainPaper_20260922_133943/existing_artifacts/Experiment/new/exp3/outputs/SupplyChainPaper/paths/SupplyChainPaper_auto_path_005/normalized/solidity.normalized.json
?? artifacts/SupplyChainPaper_20260922_133943/existing_artifacts/Experiment/new/exp3/outputs/SupplyChainPaper/paths/SupplyChainPaper_auto_path_006/normalized/dsl.normalized.json
?? artifacts/SupplyChainPaper_20260922_133943/existing_artifacts/Experiment/new/exp3/outputs/SupplyChainPaper/paths/SupplyChainPaper_auto_path_006/normalized/fabric.normalized.json
?? artifacts/SupplyChainPaper_20260922_133943/existing_artifacts/Experiment/new/exp3/outputs/SupplyChainPaper/paths/SupplyChainPaper_auto_path_006/normalized/solidity.normalized.json
?? artifacts/SupplyChainPaper_20260922_133943/existing_artifacts/Experiment/new/exp3/outputs/SupplyChainPaper/paths/SupplyChainPaper_auto_path_007/normalized/dsl.normalized.json
?? artifacts/SupplyChainPaper_20260922_133943/existing_artifacts/Experiment/new/exp3/outputs/SupplyChainPaper/paths/SupplyChainPaper_auto_path_007/normalized/fabric.normalized.json
?? artifacts/SupplyChainPaper_20260922_133943/existing_artifacts/Experiment/new/exp3/outputs/SupplyChainPaper/paths/SupplyChainPaper_auto_path_007/normalized/solidity.normalized.json
?? artifacts/SupplyChainPaper_20260922_133943/existing_artifacts/Experiment/new/exp3/outputs/SupplyChainPaper/paths/SupplyChainPaper_auto_path_008/normalized/dsl.normalized.json
?? artifacts/SupplyChainPaper_20260922_133943/existing_artifacts/Experiment/new/exp3/outputs/SupplyChainPaper/paths/SupplyChainPaper_auto_path_008/normalized/fabric.normalized.json
?? artifacts/SupplyChainPaper_20260922_133943/existing_artifacts/Experiment/new/exp3/outputs/SupplyChainPaper/paths/SupplyChainPaper_auto_path_008/normalized/solidity.normalized.json
?? artifacts/SupplyChainPaper_20260922_133943/existing_artifacts/Experiment/new/exp3/solidity/SupplyChainPaper/paths/SupplyChainPaper_auto_path_001/execution_sequence.json
?? artifacts/SupplyChainPaper_20260922_133943/existing_artifacts/Experiment/new/exp3/solidity/SupplyChainPaper/paths/SupplyChainPaper_auto_path_001/replays/replay_20260428_212846.json
?? artifacts/SupplyChainPaper_20260922_133943/existing_artifacts/Experiment/new/exp3/solidity/SupplyChainPaper/paths/SupplyChainPaper_auto_path_001/replays/replay_20260428_212846.md
?? artifacts/SupplyChainPaper_20260922_133943/existing_artifacts/Experiment/new/exp3/solidity/SupplyChainPaper/paths/SupplyChainPaper_auto_path_002/execution_sequence.json
?? artifacts/SupplyChainPaper_20260922_133943/existing_artifacts/Experiment/new/exp3/solidity/SupplyChainPaper/paths/SupplyChainPaper_auto_path_002/replays/replay_20260428_213325.json
?? artifacts/SupplyChainPaper_20260922_133943/existing_artifacts/Experiment/new/exp3/solidity/SupplyChainPaper/paths/SupplyChainPaper_auto_path_002/replays/replay_20260428_213325.md
?? artifacts/SupplyChainPaper_20260922_133943/existing_artifacts/Experiment/new/exp3/solidity/SupplyChainPaper/paths/SupplyChainPaper_auto_path_003/execution_sequence.json
?? artifacts/SupplyChainPaper_20260922_133943/existing_artifacts/Experiment/new/exp3/solidity/SupplyChainPaper/paths/SupplyChainPaper_auto_path_003/replays/replay_20260429_154129.json
?? artifacts/SupplyChainPaper_20260922_133943/existing_artifacts/Experiment/new/exp3/solidity/SupplyChainPaper/paths/SupplyChainPaper_auto_path_003/replays/replay_20260429_154129.md
?? artifacts/SupplyChainPaper_20260922_133943/existing_artifacts/Experiment/new/exp3/solidity/SupplyChainPaper/paths/SupplyChainPaper_auto_path_004/execution_sequence.json
?? artifacts/SupplyChainPaper_20260922_133943/existing_artifacts/Experiment/new/exp3/solidity/SupplyChainPaper/paths/SupplyChainPaper_auto_path_004/replays/replay_20260426_215918.json
?? artifacts/SupplyChainPaper_20260922_133943/existing_artifacts/Experiment/new/exp3/solidity/SupplyChainPaper/paths/SupplyChainPaper_auto_path_004/replays/replay_20260426_215918.md
?? artifacts/SupplyChainPaper_20260922_133943/existing_artifacts/Experiment/new/exp3/solidity/SupplyChainPaper/paths/SupplyChainPaper_auto_path_005/execution_sequence.json
?? artifacts/SupplyChainPaper_20260922_133943/existing_artifacts/Experiment/new/exp3/solidity/SupplyChainPaper/paths/SupplyChainPaper_auto_path_005/replays/replay_20260429_154642.json
?? artifacts/SupplyChainPaper_20260922_133943/existing_artifacts/Experiment/new/exp3/solidity/SupplyChainPaper/paths/SupplyChainPaper_auto_path_005/replays/replay_20260429_154642.md
?? artifacts/SupplyChainPaper_20260922_133943/existing_artifacts/Experiment/new/exp3/solidity/SupplyChainPaper/paths/SupplyChainPaper_auto_path_006/execution_sequence.json
?? artifacts/SupplyChainPaper_20260922_133943/existing_artifacts/Experiment/new/exp3/solidity/SupplyChainPaper/paths/SupplyChainPaper_auto_path_006/replays/replay_20260429_155157.json
?? artifacts/SupplyChainPaper_20260922_133943/existing_artifacts/Experiment/new/exp3/solidity/SupplyChainPaper/paths/SupplyChainPaper_auto_path_006/replays/replay_20260429_155157.md
?? artifacts/SupplyChainPaper_20260922_133943/existing_artifacts/Experiment/new/exp3/solidity/SupplyChainPaper/paths/SupplyChainPaper_auto_path_007/execution_sequence.json
?? artifacts/SupplyChainPaper_20260922_133943/existing_artifacts/Experiment/new/exp3/solidity/SupplyChainPaper/paths/SupplyChainPaper_auto_path_007/replays/replay_20260429_155752.json
?? artifacts/SupplyChainPaper_20260922_133943/existing_artifacts/Experiment/new/exp3/solidity/SupplyChainPaper/paths/SupplyChainPaper_auto_path_007/replays/replay_20260429_155752.md
?? artifacts/SupplyChainPaper_20260922_133943/existing_artifacts/Experiment/new/exp3/solidity/SupplyChainPaper/paths/SupplyChainPaper_auto_path_008/execution_sequence.json
?? artifacts/SupplyChainPaper_20260922_133943/existing_artifacts/Experiment/new/exp3/solidity/SupplyChainPaper/paths/SupplyChainPaper_auto_path_008/replays/replay_20260426_220428.json
?? artifacts/SupplyChainPaper_20260922_133943/existing_artifacts/Experiment/new/exp3/solidity/SupplyChainPaper/paths/SupplyChainPaper_auto_path_008/replays/replay_20260426_220428.md
?? artifacts/SupplyChainPaper_20260922_133943/existing_artifacts/docs/03_system_overview/end_to_end_example/example.dmn
?? artifacts/SupplyChainPaper_20260922_133943/existing_artifacts/docs/03_system_overview/end_to_end_example/generated_chaincode.go
?? artifacts/SupplyChainPaper_20260922_133943/existing_artifacts/docs/03_system_overview/end_to_end_example/generated_contract.sol
?? artifacts/SupplyChainPaper_20260922_133943/existing_artifacts/docs/04_modeling/dmn_example.dmn
?? artifacts/SupplyChainPaper_20260922_133943/existing_artifacts/docs/04_modeling/dmn_modeling_method.md
?? artifacts/SupplyChainPaper_20260922_133943/existing_artifacts/docs/04_modeling/dmn_parser_output_example.json
?? artifacts/SupplyChainPaper_20260922_133943/existing_artifacts/docs/04_modeling/input_output_mapping_examples.md
?? artifacts/SupplyChainPaper_20260922_133943/existing_artifacts/docs/05_b2cdsl/before_after_example/input.dmn
?? artifacts/SupplyChainPaper_20260922_133943/existing_artifacts/src/backend/opt/chaincode-go-bpmn/chaincode-go-bpmn/chaincode/smartcontract.go
?? artifacts/SupplyChainPaper_20260922_133943/existing_artifacts/src/newTranslator/MDAcheck/bpmn-positive/b2c/SupplyChainPaper.b2c
?? artifacts/SupplyChainPaper_20260922_133943/existing_artifacts/src/newTranslator/build/b2c/SupplyChainPaper7777.b2c
?? artifacts/SupplyChainPaper_20260922_133943/existing_artifacts/src/newTranslator/build/bpmn/supplyChainPaper.dmn
?? artifacts/SupplyChainPaper_20260922_133943/existing_artifacts/src/newTranslator/build/solidity/SupplyChainPaper7777.generated.sol
?? artifacts/SupplyChainPaper_20260922_133943/existing_artifacts/src/newTranslator/build/solidity/SupplyChainPaper7777.sol
?? artifacts/SupplyChainPaper_20260922_133943/fabric/compile_copy/SupplyChainPaper.go
?? artifacts/SupplyChainPaper_20260922_133943/fabric/compile_copy/contracts/Oracle/go.mod
?? artifacts/SupplyChainPaper_20260922_133943/fabric/compile_copy/contracts/Oracle/go.sum
?? artifacts/SupplyChainPaper_20260922_133943/fabric/compile_copy/contracts/Oracle/oracle/oracle.go
?? artifacts/SupplyChainPaper_20260922_133943/fabric/compile_copy/contracts/Oracle/oracle/oracle_client.go
?? artifacts/SupplyChainPaper_20260922_133943/fabric/compile_copy/contracts/Oracle/oracle_stub
?? artifacts/SupplyChainPaper_20260922_133943/fabric/compile_copy/contracts/Oracle/oracle_stub.go
?? artifacts/SupplyChainPaper_20260922_133943/fabric/compile_copy/go.mod
?? artifacts/SupplyChainPaper_20260922_133943/fabric/compile_copy/go.sum
?? artifacts/SupplyChainPaper_20260922_133943/fabric/raw/SupplyChainPaper.go
?? artifacts/SupplyChainPaper_20260922_133943/fabric/raw/contracts/Oracle/go.mod
?? artifacts/SupplyChainPaper_20260922_133943/fabric/raw/contracts/Oracle/go.sum
?? artifacts/SupplyChainPaper_20260922_133943/fabric/raw/contracts/Oracle/oracle/oracle.go
?? artifacts/SupplyChainPaper_20260922_133943/fabric/raw/contracts/Oracle/oracle/oracle_client.go
?? artifacts/SupplyChainPaper_20260922_133943/fabric/raw/contracts/Oracle/oracle_stub
?? artifacts/SupplyChainPaper_20260922_133943/fabric/raw/contracts/Oracle/oracle_stub.go
?? artifacts/SupplyChainPaper_20260922_133943/fabric/raw/go.mod
?? artifacts/SupplyChainPaper_20260922_133943/fabric/raw/go.sum
?? artifacts/SupplyChainPaper_20260922_133943/generation_contexts/A_file_reads.json
?? artifacts/SupplyChainPaper_20260922_133943/generation_contexts/B_file_reads.json
?? artifacts/SupplyChainPaper_20260922_133943/generation_contexts/C_file_reads.json
?? artifacts/SupplyChainPaper_20260922_133943/generation_contexts/SupplyChainPaper.audit.b2c
?? artifacts/SupplyChainPaper_20260922_133943/generation_contexts/SupplyChainPaper.sidecar.sol
?? artifacts/SupplyChainPaper_20260922_133943/generation_contexts/fabric.context.json
?? artifacts/SupplyChainPaper_20260922_133943/generation_contexts/fabric.context.typed.json
?? artifacts/SupplyChainPaper_20260922_133943/generation_contexts/fabric.template_calls.typed.json
?? artifacts/SupplyChainPaper_20260922_133943/generation_contexts/fabric_sidecar/SupplyChainPaper.go
?? artifacts/SupplyChainPaper_20260922_133943/generation_contexts/fabric_sidecar/contracts/Oracle/go.mod
?? artifacts/SupplyChainPaper_20260922_133943/generation_contexts/fabric_sidecar/contracts/Oracle/go.sum
?? artifacts/SupplyChainPaper_20260922_133943/generation_contexts/fabric_sidecar/contracts/Oracle/oracle/oracle.go
?? artifacts/SupplyChainPaper_20260922_133943/generation_contexts/fabric_sidecar/contracts/Oracle/oracle/oracle_client.go
?? artifacts/SupplyChainPaper_20260922_133943/generation_contexts/fabric_sidecar/contracts/Oracle/oracle_stub
?? artifacts/SupplyChainPaper_20260922_133943/generation_contexts/fabric_sidecar/contracts/Oracle/oracle_stub.go
?? artifacts/SupplyChainPaper_20260922_133943/generation_contexts/fabric_sidecar/go.mod
?? artifacts/SupplyChainPaper_20260922_133943/generation_contexts/fabric_sidecar/go.sum
?? artifacts/SupplyChainPaper_20260922_133943/generation_contexts/geth.context.json
?? artifacts/SupplyChainPaper_20260922_133943/generation_contexts/geth.context.typed.json
?? artifacts/SupplyChainPaper_20260922_133943/generation_contexts/geth.execution_layout.diagnostic.json
?? artifacts/SupplyChainPaper_20260922_133943/generation_contexts/geth.template_calls.typed.json
?? artifacts/SupplyChainPaper_20260922_133943/generation_contexts/native_sidecar_comparison.json
?? artifacts/SupplyChainPaper_20260922_133943/generation_contexts/serialization_notes.json
?? artifacts/SupplyChainPaper_20260922_133943/generation_contexts/source_locations.json
?? artifacts/SupplyChainPaper_20260922_133943/generator_snapshot/src/newTranslator/CodeGenerator/b2cdsl-go/CHANGELOG.md
?? artifacts/SupplyChainPaper_20260922_133943/generator_snapshot/src/newTranslator/CodeGenerator/b2cdsl-go/PULL_REQUEST_TEMPLATE.md
?? artifacts/SupplyChainPaper_20260922_133943/generator_snapshot/src/newTranslator/CodeGenerator/b2cdsl-go/README.md
?? artifacts/SupplyChainPaper_20260922_133943/generator_snapshot/src/newTranslator/CodeGenerator/b2cdsl-go/b2cdsl_go/__init__.py
?? artifacts/SupplyChainPaper_20260922_133943/generator_snapshot/src/newTranslator/CodeGenerator/b2cdsl-go/install-dev.sh
?? artifacts/SupplyChainPaper_20260922_133943/generator_snapshot/src/newTranslator/CodeGenerator/b2cdsl-go/install-test.sh
?? artifacts/SupplyChainPaper_20260922_133943/generator_snapshot/src/newTranslator/CodeGenerator/b2cdsl-go/pyproject.toml
?? artifacts/SupplyChainPaper_20260922_133943/generator_snapshot/src/newTranslator/CodeGenerator/b2cdsl-go/runtests.sh
?? artifacts/SupplyChainPaper_20260922_133943/generator_snapshot/src/newTranslator/CodeGenerator/b2cdsl-go/templates/actions/set_global_variable.go.jinja
?? artifacts/SupplyChainPaper_20260922_133943/generator_snapshot/src/newTranslator/CodeGenerator/b2cdsl-go/templates/contract.go.jinja
?? artifacts/SupplyChainPaper_20260922_133943/generator_snapshot/src/newTranslator/CodeGenerator/b2cdsl-go/templates/flows/event.go.jinja
?? artifacts/SupplyChainPaper_20260922_133943/generator_snapshot/src/newTranslator/CodeGenerator/b2cdsl-go/templates/flows/gateway.go.jinja
?? artifacts/SupplyChainPaper_20260922_133943/generator_snapshot/src/newTranslator/CodeGenerator/b2cdsl-go/templates/flows/message_complete.go.jinja
?? artifacts/SupplyChainPaper_20260922_133943/generator_snapshot/src/newTranslator/CodeGenerator/b2cdsl-go/templates/flows/message_send.go.jinja
?? artifacts/SupplyChainPaper_20260922_133943/generator_snapshot/src/newTranslator/CodeGenerator/b2cdsl-go/templates/flows/start_event.go.jinja
?? artifacts/SupplyChainPaper_20260922_133943/generator_snapshot/src/newTranslator/CodeGenerator/b2cdsl-solidity/CHANGELOG.md
?? artifacts/SupplyChainPaper_20260922_133943/generator_snapshot/src/newTranslator/CodeGenerator/b2cdsl-solidity/PULL_REQUEST_TEMPLATE.md
?? artifacts/SupplyChainPaper_20260922_133943/generator_snapshot/src/newTranslator/CodeGenerator/b2cdsl-solidity/README.md
?? artifacts/SupplyChainPaper_20260922_133943/generator_snapshot/src/newTranslator/CodeGenerator/b2cdsl-solidity/b2cdsl_solidity/__init__.py
?? artifacts/SupplyChainPaper_20260922_133943/generator_snapshot/src/newTranslator/CodeGenerator/b2cdsl-solidity/install-dev.sh
?? artifacts/SupplyChainPaper_20260922_133943/generator_snapshot/src/newTranslator/CodeGenerator/b2cdsl-solidity/install-test.sh
?? artifacts/SupplyChainPaper_20260922_133943/generator_snapshot/src/newTranslator/CodeGenerator/b2cdsl-solidity/pyproject.toml
?? artifacts/SupplyChainPaper_20260922_133943/generator_snapshot/src/newTranslator/CodeGenerator/b2cdsl-solidity/runtests.sh
?? artifacts/SupplyChainPaper_20260922_133943/generator_snapshot/src/newTranslator/CodeGenerator/b2cdsl-solidity/templates/contract.sol.jinja
?? artifacts/SupplyChainPaper_20260922_133943/generator_snapshot/src/newTranslator/DSL/B2CDSL/CHANGELOG.md
?? artifacts/SupplyChainPaper_20260922_133943/generator_snapshot/src/newTranslator/DSL/B2CDSL/PULL_REQUEST_TEMPLATE.md
?? artifacts/SupplyChainPaper_20260922_133943/generator_snapshot/src/newTranslator/DSL/B2CDSL/README.md
?? artifacts/SupplyChainPaper_20260922_133943/generator_snapshot/src/newTranslator/DSL/B2CDSL/b2cdsl/__init__.py
?? artifacts/SupplyChainPaper_20260922_133943/generator_snapshot/src/newTranslator/DSL/B2CDSL/b2cdsl/b2c.tx
?? artifacts/SupplyChainPaper_20260922_133943/generator_snapshot/src/newTranslator/DSL/B2CDSL/install-dev.sh
?? artifacts/SupplyChainPaper_20260922_133943/generator_snapshot/src/newTranslator/DSL/B2CDSL/install-test.sh
?? artifacts/SupplyChainPaper_20260922_133943/generator_snapshot/src/newTranslator/DSL/B2CDSL/main.py
?? artifacts/SupplyChainPaper_20260922_133943/generator_snapshot/src/newTranslator/DSL/B2CDSL/pyproject.toml
?? artifacts/SupplyChainPaper_20260922_133943/generator_snapshot/src/newTranslator/DSL/B2CDSL/runtests.sh
?? artifacts/SupplyChainPaper_20260922_133943/generator_snapshot/src/newTranslator/README.md
?? artifacts/SupplyChainPaper_20260922_133943/generator_snapshot/src/newTranslator/generator/__init__.py
?? artifacts/SupplyChainPaper_20260922_133943/generator_snapshot/src/newTranslator/generator/b2c_to_solidity.py
?? artifacts/SupplyChainPaper_20260922_133943/generator_snapshot/src/newTranslator/generator/bindings.json
?? artifacts/SupplyChainPaper_20260922_133943/generator_snapshot/src/newTranslator/generator/bpmn_to_dsl.py
?? artifacts/SupplyChainPaper_20260922_133943/generator_snapshot/src/newTranslator/generator/config.py
?? artifacts/SupplyChainPaper_20260922_133943/generator_snapshot/src/newTranslator/generator/parser/__init__.py
?? artifacts/SupplyChainPaper_20260922_133943/generator_snapshot/src/newTranslator/generator/parser/choreography_parser/__init__.py
?? artifacts/SupplyChainPaper_20260922_133943/generator_snapshot/src/newTranslator/generator/parser/choreography_parser/elements.py
?? artifacts/SupplyChainPaper_20260922_133943/generator_snapshot/src/newTranslator/generator/parser/choreography_parser/parser.py
?? artifacts/SupplyChainPaper_20260922_133943/generator_snapshot/src/newTranslator/generator/parser/choreography_parser/protocals.py
?? artifacts/SupplyChainPaper_20260922_133943/generator_snapshot/src/newTranslator/generator/parser/dmn_parser/parser.py
?? artifacts/SupplyChainPaper_20260922_133943/generator_snapshot/src/newTranslator/generator/resource/contracts/oracle-go/go.mod
?? artifacts/SupplyChainPaper_20260922_133943/generator_snapshot/src/newTranslator/generator/resource/contracts/oracle-go/go.sum
?? artifacts/SupplyChainPaper_20260922_133943/generator_snapshot/src/newTranslator/generator/resource/contracts/oracle-go/oracle/oracle.go
?? artifacts/SupplyChainPaper_20260922_133943/generator_snapshot/src/newTranslator/generator/resource/contracts/oracle-go/oracle/oracle_client.go
?? artifacts/SupplyChainPaper_20260922_133943/generator_snapshot/src/newTranslator/generator/resource/contracts/oracle-go/oracle_stub.go
?? artifacts/SupplyChainPaper_20260922_133943/generator_snapshot/src/newTranslator/generator/resource/go.mod
?? artifacts/SupplyChainPaper_20260922_133943/generator_snapshot/src/newTranslator/generator/resource/go.sum
?? artifacts/SupplyChainPaper_20260922_133943/generator_snapshot/src/newTranslator/generator/snippet/chaincode_snippet/ffiframe.json
?? artifacts/SupplyChainPaper_20260922_133943/generator_snapshot/src/newTranslator/generator/snippet/chaincode_snippet/go.mod
?? artifacts/SupplyChainPaper_20260922_133943/generator_snapshot/src/newTranslator/generator/snippet/chaincode_snippet/plain_text_to_json_string.py
?? artifacts/SupplyChainPaper_20260922_133943/generator_snapshot/src/newTranslator/generator/snippet/chaincode_snippet/snippet.json
?? artifacts/SupplyChainPaper_20260922_133943/generator_snapshot/src/newTranslator/generator/snippet/chaincode_snippet/snippet.py
?? artifacts/SupplyChainPaper_20260922_133943/generator_snapshot/src/newTranslator/generator/snippet/chaincode_snippet/test.go
?? artifacts/SupplyChainPaper_20260922_133943/generator_snapshot/src/newTranslator/generator/snippet/newSnippet/snippet.py
?? artifacts/SupplyChainPaper_20260922_133943/generator_snapshot/src/newTranslator/generator/snippet/newSnippet/snippets.json
?? artifacts/SupplyChainPaper_20260922_133943/generator_snapshot/src/newTranslator/generator/split_mode.py
?? artifacts/SupplyChainPaper_20260922_133943/generator_snapshot/src/newTranslator/generator/translator.py
?? artifacts/SupplyChainPaper_20260922_133943/generator_snapshot/src/newTranslator/newTranslator_devtools.sh
?? artifacts/SupplyChainPaper_20260922_133943/generator_snapshot/src/newTranslator/nt.sh
?? artifacts/SupplyChainPaper_20260922_133943/generator_snapshot/src/newTranslator/requirements.txt
?? artifacts/SupplyChainPaper_20260922_133943/geth/raw/SupplyChainPaper.sol
?? artifacts/SupplyChainPaper_20260922_133943/logs/A_bpmn_to_dsl.json
?? artifacts/SupplyChainPaper_20260922_133943/logs/A_bpmn_to_dsl.stderr
?? artifacts/SupplyChainPaper_20260922_133943/logs/A_bpmn_to_dsl.stdout
?? artifacts/SupplyChainPaper_20260922_133943/logs/A_parse.json
?? artifacts/SupplyChainPaper_20260922_133943/logs/A_parse.stderr
?? artifacts/SupplyChainPaper_20260922_133943/logs/A_parse.stdout
?? artifacts/SupplyChainPaper_20260922_133943/logs/B_go_compile.json
?? artifacts/SupplyChainPaper_20260922_133943/logs/B_go_compile.stderr
?? artifacts/SupplyChainPaper_20260922_133943/logs/B_go_compile.stdout
?? artifacts/SupplyChainPaper_20260922_133943/logs/B_go_generate.json
?? artifacts/SupplyChainPaper_20260922_133943/logs/B_go_generate.stderr
?? artifacts/SupplyChainPaper_20260922_133943/logs/B_go_generate.stdout
?? artifacts/SupplyChainPaper_20260922_133943/logs/C_solidity_generate.json
?? artifacts/SupplyChainPaper_20260922_133943/logs/C_solidity_generate.stderr
?? artifacts/SupplyChainPaper_20260922_133943/logs/C_solidity_generate.stdout
?? artifacts/SupplyChainPaper_20260922_133943/logs/D_diagnostic.json
?? artifacts/SupplyChainPaper_20260922_133943/logs/D_diagnostic.stderr
?? artifacts/SupplyChainPaper_20260922_133943/logs/D_diagnostic.stdout
?? artifacts/SupplyChainPaper_20260922_133943/logs/git_before.json
?? artifacts/SupplyChainPaper_20260922_133943/logs/git_before.stderr
?? artifacts/SupplyChainPaper_20260922_133943/logs/git_before.stdout
?? artifacts/SupplyChainPaper_20260922_133943/logs/git_branch.json
?? artifacts/SupplyChainPaper_20260922_133943/logs/git_branch.stderr
?? artifacts/SupplyChainPaper_20260922_133943/logs/git_branch.stdout
?? artifacts/SupplyChainPaper_20260922_133943/logs/git_cached_diff_stat.json
?? artifacts/SupplyChainPaper_20260922_133943/logs/git_cached_diff_stat.stderr
?? artifacts/SupplyChainPaper_20260922_133943/logs/git_cached_diff_stat.stdout
?? artifacts/SupplyChainPaper_20260922_133943/logs/git_commit.json
?? artifacts/SupplyChainPaper_20260922_133943/logs/git_commit.stderr
?? artifacts/SupplyChainPaper_20260922_133943/logs/git_commit.stdout
?? artifacts/SupplyChainPaper_20260922_133943/logs/git_diff_stat.json
?? artifacts/SupplyChainPaper_20260922_133943/logs/git_diff_stat.stderr
?? artifacts/SupplyChainPaper_20260922_133943/logs/git_diff_stat.stdout
?? artifacts/SupplyChainPaper_20260922_133943/logs/go_version.json
?? artifacts/SupplyChainPaper_20260922_133943/logs/go_version.stderr
?? artifacts/SupplyChainPaper_20260922_133943/logs/go_version.stdout
?? artifacts/SupplyChainPaper_20260922_133943/logs/pip_freeze.json
?? artifacts/SupplyChainPaper_20260922_133943/logs/pip_freeze.stderr
?? artifacts/SupplyChainPaper_20260922_133943/logs/pip_freeze.stdout
?? artifacts/SupplyChainPaper_20260922_133943/logs/python_version.json
?? artifacts/SupplyChainPaper_20260922_133943/logs/python_version.stderr
?? artifacts/SupplyChainPaper_20260922_133943/logs/python_version.stdout
?? artifacts/SupplyChainPaper_20260922_133943/logs/tool_discovery.json
?? artifacts/SupplyChainPaper_20260922_133943/logs/tool_discovery.stderr
?? artifacts/SupplyChainPaper_20260922_133943/logs/tool_discovery.stdout
?? artifacts/SupplyChainPaper_20260922_133943/pim/SupplyChainPaper.b2c
?? artifacts/SupplyChainPaper_20260922_133943/scripts/archive_path.txt
?? artifacts/SupplyChainPaper_20260922_133943/scripts/diagnostic.py
?? artifacts/SupplyChainPaper_20260922_133943/scripts/run_archive.py
?? artifacts/SupplyChainPaper_20260922_133943/source_models/SupplyChainPaper.bpmn
?? artifacts/SupplyChainPaper_20260922_133943/source_models/supplyChainPaper.dmn
?? src/backend/api/migrations/0002_auto_20260831_0603.py
?? src/backend/api/migrations/0003_auto_20260901_0845.py
?? src/backend/api/migrations/0004_auto_20260901_0917.py
?? src/java-env-custom-image/
