annotated-doc==0.0.4
annotated-types==0.7.0
anyio==4.13.0
Arpeggio==2.0.3
-e git+ssh://git@github.com/HIT-ICES/ChainCollab.git@8321eef08c96e78f2bac67eec19bb4d566418841#egg=B2CDSL&subdirectory=src/newTranslator/DSL/B2CDSL
-e git+ssh://git@github.com/HIT-ICES/ChainCollab.git@8321eef08c96e78f2bac67eec19bb4d566418841#egg=b2cdsl_go&subdirectory=src/newTranslator/CodeGenerator/b2cdsl-go
-e git+ssh://git@github.com/HIT-ICES/ChainCollab.git@8321eef08c96e78f2bac67eec19bb4d566418841#egg=b2cdsl_solidity&subdirectory=src/newTranslator/CodeGenerator/b2cdsl-solidity
certifi==2026.2.25
charset-normalizer==3.4.6
click==8.3.1
exceptiongroup==1.3.1
fastapi==0.135.2
future-fstrings==1.2.0
h11==0.16.0
idna==3.11
Jinja2==3.1.6
lxml==6.0.2
MarkupSafe==3.0.3
networkx==3.4.2
ordered-set==4.1.0
pydantic==2.12.5
pydantic_core==2.41.5
pyecore==0.15.2
python-multipart==0.0.22
requests==2.33.0
RestrictedPython==8.1
starlette==1.0.0
textX==4.3.0
typing-inspection==0.4.2
typing_extensions==4.15.0
urllib3==2.6.3
uvicorn==0.42.0
